// Jest Snapshot v1, https://goo.gl/fbAQLP

exports[`NotFound component rendering renders NavBar 1`] = `
<div>
  404!
</div>
`;
